// Jest Snapshot v1, https://goo.gl/fbAQLP

exports[`<MapOverviewPage/> render with default/required props 1`] = `
<DocumentFragment>
  <section
    class="map-handler"
    style="height: 678px;"
  >
    <form
      class="form"
    >
      <div
        class="form_controls"
      />
    </form>
  </section>
</DocumentFragment>
`;

exports[`<MapOverviewPage/> render with optional/required props 1`] = `
<DocumentFragment>
  <section
    class="map-handler"
    style="height: 678px;"
  >
    <form
      class="form"
    >
      <div
        class="form_controls"
      />
    </form>
  </section>
</DocumentFragment>
`;
