// Jest Snapshot v1, https://goo.gl/fbAQLP

exports[`<InputWithPills/> render with default/required props 1`] = `
<DocumentFragment>
  <div
    class="input-with-pills"
  >
    <input
      class="input-with-pills__input"
      data-cy=""
    />
  </div>
</DocumentFragment>
`;

exports[`<InputWithPills/> render with optional/required props 1`] = `
<DocumentFragment>
  <div
    class="input-with-pills optProps.className"
  >
    <span
      class="pill"
      data-cy="optProps.data-cy-pill-0"
    >
      tag 0 - value as string
      <button
        class="pill__control"
        data-cy="optProps.data-cy-pill-0-remove"
        data-id="0"
      >
        ×
      </button>
    </span>
    <span
      class="pill"
      data-cy="optProps.data-cy-pill-1"
    >
      tag 1 - value as number
      <button
        class="pill__control"
        data-cy="optProps.data-cy-pill-1-remove"
        data-id="1"
      >
        ×
      </button>
    </span>
    <input
      class="input-with-pills__input"
      data-cy="optProps.data-cy"
    />
  </div>
</DocumentFragment>
`;
