// Jest Snapshot v1, https://goo.gl/fbAQLP

exports[`<InteractiveSearch/> render with default/required props 1`] = `
<DocumentFragment>
  <div
    class="interactive-search "
    data-cy="-wrapper"
  >
    <div
      class="input-with-pills"
    >
      <input
        class="input-with-pills__input"
        data-cy="-input"
      />
    </div>
  </div>
</DocumentFragment>
`;

exports[`<InteractiveSearch/> render with optional/required props 1`] = `
<DocumentFragment>
  <div
    class="interactive-search {{className}}"
    data-cy="{{data-cy}}-wrapper"
  >
    <div
      class="input-with-pills"
    >
      <span
        class="pill"
        data-cy="{{data-cy}}-input-pill-0"
      >
        {{label}}
        <button
          class="pill__control"
          data-cy="{{data-cy}}-input-pill-0-remove"
          data-id="0"
        >
          ×
        </button>
      </span>
      <input
        class="input-with-pills__input"
        data-cy="{{data-cy}}-input"
        placeholder="{{placeholder}}"
      />
    </div>
  </div>
</DocumentFragment>
`;
