// Jest Snapshot v1, https://goo.gl/fbAQLP

exports[`<TreeHandler/> render with default/required props 1`] = `
<DocumentFragment>
  <form
    class="form"
  >
    <div
      class="form_controls"
    />
  </form>
  <table
    class="table"
  >
    <thead>
      <tr
        class="table-row table-row-header"
      />
    </thead>
    <tbody
      class="table-content"
    />
  </table>
</DocumentFragment>
`;

exports[`<TreeHandler/> render with optional/required props 1`] = `
<DocumentFragment>
  <form
    class="form"
  >
    <div
      class="form_controls"
    />
  </form>
  <table
    class="table"
  >
    <thead>
      <tr
        class="table-row table-row-header"
      />
    </thead>
    <tbody
      class="table-content"
    />
  </table>
</DocumentFragment>
`;
